Γû▓ Next.js 16.1.6 (Turbopack)
- Environments: .env.local

node.exe : ΓÜá The 
"middleware" file convention 
is deprecated. Please use 
"proxy" instead. Learn more: 
https://nextjs.org/docs/messa
ges/middleware-to-proxy
At C:\Program 
Files\nodejs\npx.ps1:29 
char:3
+   & $NODE_EXE $NPX_CLI_JS 
$args
+   
~~~~~~~~~~~~~~~~~~~~~~~~~~~~~
    + CategoryInfo           
   : NotSpecified: (ΓÜá The  
   "middle...leware-to-pro   
 xy:String) [], RemoteExc    
eption
    + FullyQualifiedErrorId  
   : NativeCommandError
 
  Creating an optimized production build ...

> Build error occurred
Error: Turbopack build 
failed with 2 errors:
./node_modules/micromark-core
-commonmark/lib/definition.js
:10:1
Module not found: Can't 
resolve 'micromark-factory-de
stination'
[0m [90m  8 |[39m [90m 
*/[39m
 [90m  9 |[39m
[31m[1m>[22m[39m[90m 10 
|[39m [36mimport[39m { 
factoryDestination } 
[36mfrom[39m [32m'micromar
k-factory-destination'[39m[
33m;[39m
 [90m    |[39m [31m[1m^[
22m[39m[31m[1m^[22m[39m
[31m[1m^[22m[39m[31m[1m^
[22m[39m[31m[1m^[22m[39
m[31m[1m^[22m[39m[31m[1
m^[22m[39m[31m[1m^[22m[
39m[31m[1m^[22m[39m[31m
[1m^[22m[39m[31m[1m^[22m
[39m[31m[1m^[22m[39m[31
m[1m^[22m[39m[31m[1m^[2
2m[39m[31m[1m^[22m[39m[
31m[1m^[22m[39m[31m[1m^
[22m[39m[31m[1m^[22m[39m
[31m[1m^[22m[39m[31m[1m
^[22m[39m[31m[1m^[22m[3
9m[31m[1m^[22m[39m[31m[
1m^[22m[39m[31m[1m^[22m
[39m[31m[1m^[22m[39m[31m
[1m^[22m[39m[31m[1m^[22
m[39m[31m[1m^[22m[39m[3
1m[1m^[22m[39m[31m[1m^[
22m[39m[31m[1m^[22m[39m
[31m[1m^[22m[39m[31m[1m^
[22m[39m[31m[1m^[22m[39
m[31m[1m^[22m[39m[31m[1
m^[22m[39m[31m[1m^[22m[
39m[31m[1m^[22m[39m[31m
[1m^[22m[39m[31m[1m^[22m
[39m[31m[1m^[22m[39m[31
m[1m^[22m[39m[31m[1m^[2
2m[39m[31m[1m^[22m[39m[
31m[1m^[22m[39m[31m[1m^
[22m[39m[31m[1m^[22m[39m
[31m[1m^[22m[39m[31m[1m
^[22m[39m[31m[1m^[22m[3
9m[31m[1m^[22m[39m[31m[
1m^[22m[39m[31m[1m^[22m
[39m[31m[1m^[22m[39m[31m
[1m^[22m[39m[31m[1m^[22
m[39m[31m[1m^[22m[39m[3
1m[1m^[22m[39m[31m[1m^[
22m[39m[31m[1m^[22m[39m
[31m[1m^[22m[39m[31m[1m^
[22m[39m[31m[1m^[22m[39
m[31m[1m^[22m[39m[31m[1
m^[22m[39m[31m[1m^[22m[
39m[31m[1m^[22m[39m
 [90m 11 |[39m 
[36mimport[39m { 
factoryLabel } 
[36mfrom[39m [32m'micromar
k-factory-label'[39m[33m;[
39m
 [90m 12 |[39m 
[36mimport[39m { 
factorySpace } 
[36mfrom[39m [32m'micromar
k-factory-space'[39m[33m;[
39m
 [90m 13 |[39m 
[36mimport[39m { 
factoryTitle } 
[36mfrom[39m [32m'micromar
k-factory-title'[39m[33m;[
39m[0m



Import traces:
  Client Component Browser:
    ./node_modules/micromark-
core-commonmark/lib/definitio
n.js [Client Component 
Browser]
    ./node_modules/micromark/
lib/constructs.js [Client 
Component Browser]
    ./node_modules/micromark/
lib/parse.js [Client 
Component Browser]
    ./node_modules/mdast-util
-from-markdown/lib/index.js 
[Client Component Browser]
    ./node_modules/remark-par
se/lib/index.js [Client 
Component Browser]
    ./node_modules/react-mark
down/lib/index.js [Client 
Component Browser]
    ./src/app/dashboard/brief
/page.tsx [Client Component 
Browser]
    ./src/app/dashboard/brief
/page.tsx [Server Component]

  Client Component SSR:
    ./node_modules/micromark-
core-commonmark/lib/definitio
n.js [Client Component SSR]
    ./node_modules/micromark/
lib/constructs.js [Client 
Component SSR]
    ./node_modules/micromark/
lib/parse.js [Client 
Component SSR]
    ./node_modules/mdast-util
-from-markdown/lib/index.js 
[Client Component SSR]
    ./node_modules/remark-par
se/lib/index.js [Client 
Component SSR]
    ./node_modules/react-mark
down/lib/index.js [Client 
Component SSR]
    ./src/app/dashboard/brief
/page.tsx [Client Component 
SSR]
    ./src/app/dashboard/brief
/page.tsx [Server Component]

https://nextjs.org/docs/messa
ges/module-not-found


./node_modules/micromark-core
-commonmark/lib/label-end.js:
13:1
Module not found: Can't 
resolve 'micromark-factory-de
stination'
[0m [90m 11 |[39m [90m 
*/[39m
 [90m 12 |[39m
[31m[1m>[22m[39m[90m 13 
|[39m [36mimport[39m { 
factoryDestination } 
[36mfrom[39m [32m'micromar
k-factory-destination'[39m[
33m;[39m
 [90m    |[39m [31m[1m^[
22m[39m[31m[1m^[22m[39m
[31m[1m^[22m[39m[31m[1m^
[22m[39m[31m[1m^[22m[39
m[31m[1m^[22m[39m[31m[1
m^[22m[39m[31m[1m^[22m[
39m[31m[1m^[22m[39m[31m
[1m^[22m[39m[31m[1m^[22m
[39m[31m[1m^[22m[39m[31
m[1m^[22m[39m[31m[1m^[2
2m[39m[31m[1m^[22m[39m[
31m[1m^[22m[39m[31m[1m^
[22m[39m[31m[1m^[22m[39m
[31m[1m^[22m[39m[31m[1m
^[22m[39m[31m[1m^[22m[3
9m[31m[1m^[22m[39m[31m[
1m^[22m[39m[31m[1m^[22m
[39m[31m[1m^[22m[39m[31m
[1m^[22m[39m[31m[1m^[22
m[39m[31m[1m^[22m[39m[3
1m[1m^[22m[39m[31m[1m^[
22m[39m[31m[1m^[22m[39m
[31m[1m^[22m[39m[31m[1m^
[22m[39m[31m[1m^[22m[39
m[31m[1m^[22m[39m[31m[1
m^[22m[39m[31m[1m^[22m[
39m[31m[1m^[22m[39m[31m
[1m^[22m[39m[31m[1m^[22m
[39m[31m[1m^[22m[39m[31
m[1m^[22m[39m[31m[1m^[2
2m[39m[31m[1m^[22m[39m[
31m[1m^[22m[39m[31m[1m^
[22m[39m[31m[1m^[22m[39m
[31m[1m^[22m[39m[31m[1m
^[22m[39m[31m[1m^[22m[3
9m[31m[1m^[22m[39m[31m[
1m^[22m[39m[31m[1m^[22m
[39m[31m[1m^[22m[39m[31m
[1m^[22m[39m[31m[1m^[22
m[39m[31m[1m^[22m[39m[3
1m[1m^[22m[39m[31m[1m^[
22m[39m[31m[1m^[22m[39m
[31m[1m^[22m[39m[31m[1m^
[22m[39m[31m[1m^[22m[39
m[31m[1m^[22m[39m[31m[1
m^[22m[39m[31m[1m^[22m[
39m[31m[1m^[22m[39m
 [90m 14 |[39m 
[36mimport[39m { 
factoryLabel } 
[36mfrom[39m [32m'micromar
k-factory-label'[39m[33m;[
39m
 [90m 15 |[39m 
[36mimport[39m { 
factoryTitle } 
[36mfrom[39m [32m'micromar
k-factory-title'[39m[33m;[
39m
 [90m 16 |[39m 
[36mimport[39m { 
factoryWhitespace } 
[36mfrom[39m [32m'micromar
k-factory-whitespace'[39m[3
3m;[39m[0m



Import traces:
  Client Component Browser:
    ./node_modules/micromark-
core-commonmark/lib/label-end
.js [Client Component 
Browser]
    ./node_modules/micromark/
lib/constructs.js [Client 
Component Browser]
    ./node_modules/micromark/
lib/parse.js [Client 
Component Browser]
    ./node_modules/mdast-util
-from-markdown/lib/index.js 
[Client Component Browser]
    ./node_modules/remark-par
se/lib/index.js [Client 
Component Browser]
    ./node_modules/react-mark
down/lib/index.js [Client 
Component Browser]
    ./src/app/dashboard/brief
/page.tsx [Client Component 
Browser]
    ./src/app/dashboard/brief
/page.tsx [Server Component]

  Client Component SSR:
    ./node_modules/micromark-
core-commonmark/lib/label-end
.js [Client Component SSR]
    ./node_modules/micromark/
lib/constructs.js [Client 
Component SSR]
    ./node_modules/micromark/
lib/parse.js [Client 
Component SSR]
    ./node_modules/mdast-util
-from-markdown/lib/index.js 
[Client Component SSR]
    ./node_modules/remark-par
se/lib/index.js [Client 
Component SSR]
    ./node_modules/react-mark
down/lib/index.js [Client 
Component SSR]
    ./src/app/dashboard/brief
/page.tsx [Client Component 
SSR]
    ./src/app/dashboard/brief
/page.tsx [Server Component]

https://nextjs.org/docs/messa
ges/module-not-found


    at <unknown> (https://nex
tjs.org/docs/messages/module-
not-found)
    at <unknown> (https://nex
tjs.org/docs/messages/module-
not-found)
